[dsathemes.com/html/martex_1.1/files/demo-4.html]
[backblue.gif]
[fade.gif]
[index.html]
[dsathemes.com/html/martex_1.1/files/images/favicon.ico]
[dsathemes.com/html/martex_1.1/files/images/apple-touch-icon-152x152.png]
[dsathemes.com/html/martex_1.1/files/images/apple-touch-icon-120x120.png]
[dsathemes.com/html/martex_1.1/files/images/apple-touch-icon-76x76.png]
[dsathemes.com/html/martex_1.1/files/images/apple-touch-icon.png]
[dsathemes.com/html/martex_1.1/files/css/bootstrap.min.css]
[dsathemes.com/html/martex_1.1/files/css/flaticon.css]
[dsathemes.com/html/martex_1.1/files/css/menu.css]
[dsathemes.com/html/martex_1.1/files/css/dropdown-effects/fade-down.css]
[dsathemes.com/html/martex_1.1/files/css/magnific-popup.css]
[dsathemes.com/html/martex_1.1/files/css/owl.carousel.min.css]
[dsathemes.com/html/martex_1.1/files/css/owl.theme.default.min.css]
[dsathemes.com/html/martex_1.1/files/css/lunar.css]
[dsathemes.com/html/martex_1.1/files/css/animate.css]
[dsathemes.com/html/martex_1.1/files/css/pink-theme.css]
[dsathemes.com/html/martex_1.1/files/css/blue-theme.css]
[dsathemes.com/html/martex_1.1/files/css/crocus-theme.css]
[dsathemes.com/html/martex_1.1/files/css/magenta-theme.css]
[dsathemes.com/html/martex_1.1/files/css/green-theme.css]
[dsathemes.com/html/martex_1.1/files/css/purple-theme.css]
[dsathemes.com/html/martex_1.1/files/css/skyblue-theme.css]
[dsathemes.com/html/martex_1.1/files/css/red-theme.css]
[dsathemes.com/html/martex_1.1/files/images/color-scheme/blue.jpg]
[dsathemes.com/html/martex_1.1/files/css/violet-theme.css]
[dsathemes.com/html/martex_1.1/files/css/responsive.css]
[dsathemes.com/html/martex_1.1/files/images/color-scheme/red.jpg]
[dsathemes.com/html/martex_1.1/files/images/color-scheme/purple.jpg]
[dsathemes.com/html/martex_1.1/files/images/color-scheme/violet.jpg]
[dsathemes.com/html/martex_1.1/files/images/color-scheme/skyblue.jpg]
[dsathemes.com/html/martex_1.1/files/images/color-scheme/magenta.jpg]
[dsathemes.com/html/martex_1.1/files/images/color-scheme/crocus.jpg]
[dsathemes.com/html/martex_1.1/files/images/color-scheme/green.jpg]
[dsathemes.com/html/martex_1.1/files/images/logo-pink.png]
[dsathemes.com/html/martex_1.1/files/images/logo-pink-white.png]
[dsathemes.com/html/martex_1.1/files/about.html]
[dsathemes.com/html/martex_1.1/files/team.html]
[dsathemes.com/html/martex_1.1/files/career-role.html]
[dsathemes.com/html/martex_1.1/files/careers.html]
[dsathemes.com/html/martex_1.1/files/contacts.html]
[dsathemes.com/html/martex_1.1/files/projects.html]
[dsathemes.com/html/martex_1.1/files/features.html]
[dsathemes.com/html/martex_1.1/files/project-details.html]
[dsathemes.com/html/martex_1.1/files/reviews.html]
[dsathemes.com/html/martex_1.1/files/download.html]
[dsathemes.com/html/martex_1.1/files/pricing-1.html]
[dsathemes.com/html/martex_1.1/files/faqs.html]
[dsathemes.com/html/martex_1.1/files/help-center.html]
[dsathemes.com/html/martex_1.1/files/404.html]
[dsathemes.com/html/martex_1.1/files/blog-listing.html]
[dsathemes.com/html/martex_1.1/files/single-post.html]
[dsathemes.com/html/martex_1.1/files/login-2.html]
[dsathemes.com/html/martex_1.1/files/signup-2.html]
[dsathemes.com/html/martex_1.1/files/reset-password.html]
[dsathemes.com/html/martex_1.1/files/pricing-2.html]
[dsathemes.com/html/martex_1.1/files/images/dashboard-04.png]
[dsathemes.com/html/martex_1.1/files/images/brand-1.png]
[dsathemes.com/html/martex_1.1/files/images/brand-1-white.png]
[dsathemes.com/html/martex_1.1/files/images/brand-2.png]
[dsathemes.com/html/martex_1.1/files/images/brand-3-white.png]
[dsathemes.com/html/martex_1.1/files/images/brand-4.png]
[dsathemes.com/html/martex_1.1/files/images/brand-4-white.png]
[dsathemes.com/html/martex_1.1/files/images/brand-5.png]
[dsathemes.com/html/martex_1.1/files/images/brand-5-white.png]
[dsathemes.com/html/martex_1.1/files/images/brand-6.png]
[dsathemes.com/html/martex_1.1/files/images/brand-6-white.png]
[dsathemes.com/html/martex_1.1/files/images/brand-7.png]
[dsathemes.com/html/martex_1.1/files/images/brand-7-white.png]
[dsathemes.com/html/martex_1.1/files/images/brand-8.png]
[dsathemes.com/html/martex_1.1/files/images/brand-8-white.png]
[dsathemes.com/html/martex_1.1/files/images/brand-9.png]
[dsathemes.com/html/martex_1.1/files/images/brand-9-white.png]
[dsathemes.com/html/martex_1.1/files/images/img-11.png]
[dsathemes.com/html/martex_1.1/files/images/f_01.png]
[dsathemes.com/html/martex_1.1/files/images/f_01_dark.png]
[dsathemes.com/html/martex_1.1/files/images/f_06.png]
[dsathemes.com/html/martex_1.1/files/images/f_06_dark.png]
[dsathemes.com/html/martex_1.1/files/images/f_08.png]
[dsathemes.com/html/martex_1.1/files/images/f_08_dark.png]
[dsathemes.com/html/martex_1.1/files/images/dashboard-05.png]
[dsathemes.com/html/martex_1.1/files/images/img-02.png]
[dsathemes.com/html/martex_1.1/files/images/img-10.png]
[dsathemes.com/html/martex_1.1/files/images/img-14.png]
[dsathemes.com/html/martex_1.1/files/images/png_icons/tool-9.png]
[dsathemes.com/html/martex_1.1/files/images/png_icons/tool-7.png]
[dsathemes.com/html/martex_1.1/files/images/png_icons/tool-13.png]
[dsathemes.com/html/martex_1.1/files/images/png_icons/tool-12.png]
[dsathemes.com/html/martex_1.1/files/images/png_icons/tool-11.png]
[dsathemes.com/html/martex_1.1/files/integrations.html]
[dsathemes.com/html/martex_1.1/files/images/img-05.png]
[dsathemes.com/html/martex_1.1/files/images/img-12.png]
[dsathemes.com/html/martex_1.1/files/images/review-author-2.jpg]
[dsathemes.com/html/martex_1.1/files/images/review-author-5.jpg]
[dsathemes.com/html/martex_1.1/files/images/review-author-8.jpg]
[dsathemes.com/html/martex_1.1/files/images/brand-21.png]
[dsathemes.com/html/martex_1.1/files/images/brand-21-white.png]
[dsathemes.com/html/martex_1.1/files/images/brand-22.png]
[dsathemes.com/html/martex_1.1/files/images/brand-22-white.png]
[dsathemes.com/html/martex_1.1/files/images/brand-23.png]
[dsathemes.com/html/martex_1.1/files/images/brand-23-white.png]
[dsathemes.com/html/martex_1.1/files/images/img-04.png]
[dsathemes.com/html/martex_1.1/files/images/blog/post-8-img.jpg]
[dsathemes.com/html/martex_1.1/files/images/blog/post-5-img.jpg]
[dsathemes.com/html/martex_1.1/files/terms.html]
[dsathemes.com/html/martex_1.1/files/privacy.html]
[dsathemes.com/html/martex_1.1/files/cookies.html]
[dsathemes.com/html/martex_1.1/files/js/jquery-3.7.0.min.js]
[dsathemes.com/html/martex_1.1/files/js/modernizr.custom.js]
[dsathemes.com/html/martex_1.1/files/js/bootstrap.min.js]
[dsathemes.com/html/martex_1.1/files/js/jquery.easing.js]
[dsathemes.com/html/martex_1.1/files/js/jquery.appear.js]
[dsathemes.com/html/martex_1.1/files/js/menu.js]
[dsathemes.com/html/martex_1.1/files/js/owl.carousel.min.js]
[dsathemes.com/html/martex_1.1/files/js/pricing-toggle.js]
[dsathemes.com/html/martex_1.1/files/js/jquery.magnific-popup.min.js]
[dsathemes.com/html/martex_1.1/files/js/request-form.js]
[dsathemes.com/html/martex_1.1/files/js/jquery.validate.min.js]
[dsathemes.com/html/martex_1.1/files/js/jquery.ajaxchimp.min.js]
[dsathemes.com/html/martex_1.1/files/js/popper.min.js]
[dsathemes.com/html/martex_1.1/files/js/lunar.js]
[dsathemes.com/html/martex_1.1/files/js/wow.js]
[dsathemes.com/html/martex_1.1/files/js/custom.js]
[dsathemes.com/html/martex_1.1/files/js/changer.js]
[dsathemes.com/html/martex_1.1/files/demo-4.html]
[dsathemes.com/html/martex_1.1/files/css/bootstrap.min.css]
[dsathemes.com/html/martex_1.1/files/js/styleswitch.js]
[dsathemes.com/html/martex_1.1/files/fonts/flaticonb2f4.ttf]
[dsathemes.com/html/martex_1.1/files/fonts/flaticonb2f4.woff]
[dsathemes.com/html/martex_1.1/files/fonts/flaticonb2f4.woff2]
[dsathemes.com/html/martex_1.1/files/fonts/flaticonb2f4.eot]
[dsathemes.com/html/martex_1.1/files/css/flaticon.css]
[dsathemes.com/html/martex_1.1/files/css/menu.css]
[dsathemes.com/html/martex_1.1/files/css/dropdown-effects/fade-down.css]
[dsathemes.com/html/martex_1.1/files/css/magnific-popup.css]
[dsathemes.com/html/martex_1.1/files/css/owl.video.play.png]
[dsathemes.com/html/martex_1.1/files/css/owl.carousel.min.css]
[dsathemes.com/html/martex_1.1/files/css/owl.theme.default.min.css]
[dsathemes.com/html/martex_1.1/files/css/lunar.css]
[dsathemes.com/html/martex_1.1/files/css/animate.css]
[dsathemes.com/html/martex_1.1/files/images/pattern-01.png]
[dsathemes.com/html/martex_1.1/files/images/pattern-02.png]
[dsathemes.com/html/martex_1.1/files/fonts/flaticonb2f4.svg]
[dsathemes.com/html/martex_1.1/files/images/pattern-03.png]
[dsathemes.com/html/martex_1.1/files/images/pattern-04.png]
[dsathemes.com/html/martex_1.1/files/images/pattern-05.png]
[dsathemes.com/html/martex_1.1/files/images/bg-01.jpg]
[dsathemes.com/html/martex_1.1/files/images/bg-02.jpg]
[dsathemes.com/html/martex_1.1/files/images/bg-03.jpg]
[dsathemes.com/html/martex_1.1/files/images/bg-04.jpg]
[dsathemes.com/html/martex_1.1/files/images/bg-05.jpg]
[dsathemes.com/html/martex_1.1/files/images/bg-06.jpg]
[dsathemes.com/html/martex_1.1/files/images/bg-07.jpg]
[dsathemes.com/html/martex_1.1/files/images/bg-08.jpg]
[dsathemes.com/html/martex_1.1/files/images/blur-purple.png]
[dsathemes.com/html/martex_1.1/files/images/hero-1.jpg]
[dsathemes.com/html/martex_1.1/files/images/hero-2.jpg]
[dsathemes.com/html/martex_1.1/files/images/hero-3.jpg]
[dsathemes.com/html/martex_1.1/files/images/hero-4.jpg]
[dsathemes.com/html/martex_1.1/files/images/hero-5.jpg]
[dsathemes.com/html/martex_1.1/files/images/hero-8.jpg]
[dsathemes.com/html/martex_1.1/files/images/hero-10.jpg]
[dsathemes.com/html/martex_1.1/files/images/hero-11.jpg]
[dsathemes.com/html/martex_1.1/files/images/hero-12.jpg]
[dsathemes.com/html/martex_1.1/files/images/hero-14.jpg]
[dsathemes.com/html/martex_1.1/files/images/hero-15.jpg]
[dsathemes.com/html/martex_1.1/files/images/hero-16.jpg]
[dsathemes.com/html/martex_1.1/files/images/hero-17.jpg]
[dsathemes.com/html/martex_1.1/files/images/hero-18.jpg]
[dsathemes.com/html/martex_1.1/files/images/hero-20.jpg]
[dsathemes.com/html/martex_1.1/files/images/hero-21.jpg]
[dsathemes.com/html/martex_1.1/files/images/hero-22.jpg]
[dsathemes.com/html/martex_1.1/files/images/hero-23.jpg]
[dsathemes.com/html/martex_1.1/files/images/hero-24.jpg]
[dsathemes.com/html/martex_1.1/files/images/hero-25.jpg]
[dsathemes.com/html/martex_1.1/files/images/hero-26.jpg]
[dsathemes.com/html/martex_1.1/files/images/hero-27.png]
[dsathemes.com/html/martex_1.1/files/images/login.jpg]
[dsathemes.com/html/martex_1.1/files/images/reset-password.jpg]
[dsathemes.com/html/martex_1.1/files/images/login-wrapper.jpg]
[dsathemes.com/html/martex_1.1/files/images/modal-request.jpg]
[dsathemes.com/html/martex_1.1/files/images/hero-5-dark.jpg]
[dsathemes.com/html/martex_1.1/files/images/hero-10-dark.jpg]
[dsathemes.com/html/martex_1.1/files/images/hero-15-dark.jpg]
[dsathemes.com/html/martex_1.1/files/images/hero-16-dark.jpg]
[dsathemes.com/html/martex_1.1/files/images/hero-17-dark.jpg]
[dsathemes.com/html/martex_1.1/files/images/hero-18-dark.jpg]
[dsathemes.com/html/martex_1.1/files/images/hero-21-dark.jpg]
[dsathemes.com/html/martex_1.1/files/images/hero-23-dark.jpg]
[dsathemes.com/html/martex_1.1/files/images/hero-25-dark.jpg]
[dsathemes.com/html/martex_1.1/files/images/hero-27-dark.png]
[dsathemes.com/html/martex_1.1/files/images/login_dark.jpg]
[dsathemes.com/html/martex_1.1/files/images/reset-password-dark.jpg]
[dsathemes.com/html/martex_1.1/files/css/pink-theme.css]
[dsathemes.com/html/martex_1.1/files/css/blue-theme.css]
[dsathemes.com/html/martex_1.1/files/css/crocus-theme.css]
[dsathemes.com/html/martex_1.1/files/css/green-theme.css]
[dsathemes.com/html/martex_1.1/files/css/magenta-theme.css]
[dsathemes.com/html/martex_1.1/files/css/purple-theme.css]
[dsathemes.com/html/martex_1.1/files/css/skyblue-theme.css]
[dsathemes.com/html/martex_1.1/files/css/red-theme.css]
[dsathemes.com/html/martex_1.1/files/css/violet-theme.css]
[dsathemes.com/html/martex_1.1/files/css/responsive.css]
[dsathemes.com/html/martex_1.1/files/images/color-scheme/pink.jpg]
[dsathemes.com/html/martex_1.1/files/images/logo-blue.png]
[dsathemes.com/html/martex_1.1/files/demo-1.html]
[dsathemes.com/html/martex_1.1/files/images/logo-blue-white.png]
[dsathemes.com/html/martex_1.1/files/images/a2-1.jpg]
[dsathemes.com/html/martex_1.1/files/images/a2-2.jpg]
[dsathemes.com/html/martex_1.1/files/images/a2-3.jpg]
[dsathemes.com/html/martex_1.1/files/images/a2-4.jpg]
[dsathemes.com/html/martex_1.1/files/images/img-17.jpg]
[dsathemes.com/html/martex_1.1/files/images/team-1.jpg]
[dsathemes.com/html/martex_1.1/files/images/team-2.jpg]
[dsathemes.com/html/martex_1.1/files/images/team-3.jpg]
[dsathemes.com/html/martex_1.1/files/images/team-4.jpg]
[dsathemes.com/html/martex_1.1/files/images/team-5.jpg]
[dsathemes.com/html/martex_1.1/files/images/team-6.jpg]
[dsathemes.com/html/martex_1.1/files/images/team-7.jpg]
[dsathemes.com/html/martex_1.1/files/images/team-13.jpg]
[dsathemes.com/html/martex_1.1/files/images/img-08.png]
[dsathemes.com/html/martex_1.1/files/images/img-07.png]
[dsathemes.com/html/martex_1.1/files/images/review-author-1.jpg]
[dsathemes.com/html/martex_1.1/files/images/modal-1-img.jpg]
[dsathemes.com/html/martex_1.1/files/about.html]
[dsathemes.com/html/martex_1.1/files/images/team-8.jpg]
[dsathemes.com/html/martex_1.1/files/images/team-9.jpg]
[dsathemes.com/html/martex_1.1/files/images/team-10.jpg]
[dsathemes.com/html/martex_1.1/files/images/team-11.jpg]
[dsathemes.com/html/martex_1.1/files/images/team-12.jpg]
[dsathemes.com/html/martex_1.1/files/images/img-16.png]
[dsathemes.com/html/martex_1.1/files/team.html]
[dsathemes.com/html/martex_1.1/files/images/logo-white.png]
[dsathemes.com/html/martex_1.1/files/images/img-18.png]
[dsathemes.com/html/martex_1.1/files/images/modal-newsletter-blue.jpg]
[dsathemes.com/html/martex_1.1/files/careers.html]
[dsathemes.com/html/martex_1.1/files/career-role.html]
[dsathemes.com/html/martex_1.1/files/contacts.html]
[dsathemes.com/html/martex_1.1/files/js/contact-form.js]
[dsathemes.com/html/martex_1.1/files/images/img-06.png]
[dsathemes.com/html/martex_1.1/files/images/img-03.png]
[dsathemes.com/html/martex_1.1/files/images/f_05.png]
[dsathemes.com/html/martex_1.1/files/images/f_05_dark.png]
[dsathemes.com/html/martex_1.1/files/images/f_02.png]
[dsathemes.com/html/martex_1.1/files/images/f_02_dark.png]
[dsathemes.com/html/martex_1.1/files/images/tablet-01.png]
[dsathemes.com/html/martex_1.1/files/images/png_icons/tool-1.png]
[dsathemes.com/html/martex_1.1/files/images/png_icons/tool-2.png]
[dsathemes.com/html/martex_1.1/files/images/png_icons/tool-3.png]
[dsathemes.com/html/martex_1.1/files/images/png_icons/tool-4.png]
[dsathemes.com/html/martex_1.1/files/images/png_icons/tool-5.png]
[dsathemes.com/html/martex_1.1/files/images/png_icons/tool-6.png]
[dsathemes.com/html/martex_1.1/files/images/png_icons/tool-8.png]
[dsathemes.com/html/martex_1.1/files/images/f_04.png]
[dsathemes.com/html/martex_1.1/files/images/f_04_dark.png]
[dsathemes.com/html/martex_1.1/files/features.html]
[dsathemes.com/html/martex_1.1/files/signup-1.html]
[dsathemes.com/html/martex_1.1/files/images/projects/project-01.jpg]
[dsathemes.com/html/martex_1.1/files/images/projects/project-02.jpg]
[dsathemes.com/html/martex_1.1/files/images/projects/project-03.jpg]
[dsathemes.com/html/martex_1.1/files/images/projects/project-04.jpg]
[dsathemes.com/html/martex_1.1/files/images/projects/project-05.jpg]
[dsathemes.com/html/martex_1.1/files/images/projects/project-06.jpg]
[dsathemes.com/html/martex_1.1/files/projects.html]
[dsathemes.com/html/martex_1.1/files/images/projects/project-07.jpg]
[dsathemes.com/html/martex_1.1/files/images/projects/project-10.jpg]
[dsathemes.com/html/martex_1.1/files/images/projects/project-10a.jpg]
[dsathemes.com/html/martex_1.1/files/images/projects/project-11.jpg]
[dsathemes.com/html/martex_1.1/files/images/projects/project-11a.jpg]
[dsathemes.com/html/martex_1.1/files/images/projects/project-08.jpg]
[dsathemes.com/html/martex_1.1/files/images/projects/project-09.jpg]
[dsathemes.com/html/martex_1.1/files/project-details.html]
[dsathemes.com/html/martex_1.1/files/images/review-author-6.jpg]
[dsathemes.com/html/martex_1.1/files/images/review-author-3.jpg]
[dsathemes.com/html/martex_1.1/files/reviews.html]
[dsathemes.com/html/martex_1.1/files/download/example.zip]
[dsathemes.com/html/martex_1.1/files/images/help.png]
[dsathemes.com/html/martex_1.1/files/download.html]
[dsathemes.com/html/martex_1.1/files/images/png_icons/visa.png]
[dsathemes.com/html/martex_1.1/files/images/png_icons/am.png]
[dsathemes.com/html/martex_1.1/files/images/png_icons/discover.png]
[dsathemes.com/html/martex_1.1/files/images/png_icons/paypal.png]
[dsathemes.com/html/martex_1.1/files/images/png_icons/jcb.png]
[dsathemes.com/html/martex_1.1/files/images/png_icons/shopify.png]
[dsathemes.com/html/martex_1.1/files/pricing-1.html]
[dsathemes.com/html/martex_1.1/files/faqs.html]
[dsathemes.com/html/martex_1.1/files/help-center.html]
[dsathemes.com/html/martex_1.1/files/images/error-404.png]
[dsathemes.com/html/martex_1.1/files/404.html]
[dsathemes.com/html/martex_1.1/files/images/logo-blog.png]
[dsathemes.com/html/martex_1.1/files/images/logo-blog-white.png]
[dsathemes.com/html/martex_1.1/files/images/blog/post-11-img.jpg]
[dsathemes.com/html/martex_1.1/files/images/blog/post-1-img.jpg]
[dsathemes.com/html/martex_1.1/files/images/blog/post-3-img.jpg]
[dsathemes.com/html/martex_1.1/files/images/blog/post-4-img.jpg]
[dsathemes.com/html/martex_1.1/files/images/blog/post-6-img.jpg]
[dsathemes.com/html/martex_1.1/files/images/blog/post-10-img.jpg]
[dsathemes.com/html/martex_1.1/files/images/blog/post-7-img.jpg]
[dsathemes.com/html/martex_1.1/files/images/blog/post-9-img.jpg]
[dsathemes.com/html/martex_1.1/files/blog-listing.html]
[dsathemes.com/html/martex_1.1/files/images/blog/post-12-img.jpg]
[dsathemes.com/html/martex_1.1/files/images/blog/post-13-img.jpg]
[dsathemes.com/html/martex_1.1/files/images/blog/post-14-img.jpg]
[dsathemes.com/html/martex_1.1/files/images/post-author.jpg]
[dsathemes.com/html/martex_1.1/files/images/comment-author-1.jpg]
[dsathemes.com/html/martex_1.1/files/images/comment-author-2.jpg]
[dsathemes.com/html/martex_1.1/files/images/comment-author-3.jpg]
[dsathemes.com/html/martex_1.1/files/images/comment-author-4.jpg]
[dsathemes.com/html/martex_1.1/files/single-post.html]
[dsathemes.com/html/martex_1.1/files/js/comment-form.js]
[dsathemes.com/html/martex_1.1/files/images/png_icons/google.png]
[dsathemes.com/html/martex_1.1/files/login-2.html]
[dsathemes.com/html/martex_1.1/files/signup-2.html]
[dsathemes.com/html/martex_1.1/files/login-1.html]
[dsathemes.com/html/martex_1.1/files/js/reset-form.js]
[dsathemes.com/html/martex_1.1/files/reset-password.html]
[dsathemes.com/html/martex_1.1/files/pricing-2.html]
[dsathemes.com/html/martex_1.1/files/images/dashboard-06.png]
[dsathemes.com/html/martex_1.1/files/testimonials.html]
[dsathemes.com/html/martex_1.1/files/integrations.html]
[dsathemes.com/html/martex_1.1/files/terms.html]
[dsathemes.com/html/martex_1.1/files/privacy.html]
[dsathemes.com/html/martex_1.1/files/cookies.html]
[dsathemes.com/html/martex_1.1/files/fonts/flaticonb2f4.svg]
[dsathemes.com/html/martex_1.1/files/css/owl.video.play.html]
[dsathemes.com/html/martex_1.1/files/images/pattern-05.html]
[dsathemes.com/html/martex_1.1/files/images/bg-06.html]
[dsathemes.com/html/martex_1.1/files/images/bg-07.html]
[dsathemes.com/html/martex_1.1/files/images/bg-08.html]
[dsathemes.com/html/martex_1.1/files/images/reset-password-dark.html]
[dsathemes.com/html/martex_1.1/files/images/blog/post-2-img.jpg]
[dsathemes.com/html/martex_1.1/files/images/hero-1-img.png]
[dsathemes.com/html/martex_1.1/files/images/dashboard-01.png]
[dsathemes.com/html/martex_1.1/files/images/img-13.png]
[dsathemes.com/html/martex_1.1/files/images/img-19.png]
[dsathemes.com/html/martex_1.1/files/images/img-09.png]
[dsathemes.com/html/martex_1.1/files/images/review-author-4.jpg]
[dsathemes.com/html/martex_1.1/files/images/review-author-7.jpg]
[dsathemes.com/html/martex_1.1/files/images/modal-2-img.jpg]
[dsathemes.com/html/martex_1.1/files/demo-1.html]
[dsathemes.com/html/martex_1.1/files/signup-1.html]
[dsathemes.com/html/martex_1.1/files/login-1.html]
[dsathemes.com/html/martex_1.1/files/testimonials.html]
[dsathemes.com/html/martex_1.1/files/images/logo-black.png]
